<html>
<body>
<pre>
<h1>µVision Build Log</h1>
<h2>Project:</h2>
\\Mac\Home\Downloads\MDASwchanges\MDAS\DriveByWireIO\DriveByWireIO.uvproj
Project File Date:  04/06/2018

<h2>Output:</h2>
Rebuild target 'Target 1'
assembling startup.s...
compiling main.c...
compiling Globals_and_Defines.c...
compiling initialization.c...
compiling Tick_Timer.c...
compiling Controller_Inputs.c...
compiling Steering_Actuator.c...
compiling Throttle.c...
compiling Linear_Actuator.c...
compiling DriveByWireIO.c...
DriveByWireIO.c(52): warning:  #550-D: variable "linear_act_pos" was set but never used
        uint32_t throttle_pos, linear_act_pos;
DriveByWireIO.c: 1 warning, 0 errors
compiling Switches_PORTF.c...
compiling CAN_comm.c...
linking...
Program Size: Code=4910 RO-data=1482 RW-data=4 ZI-data=1124  
".\DriveByWireIO.axf" - 0 Error(s), 1 Warning(s).
Load "\\\\Mac\\Home\\Downloads\\MDASwchanges\\MDAS\\DriveByWireIO\\DriveByWireIO.axf" 
Connecting: Mode=JTAG, Speed=1000000Hz
Erase Done.
Programming Done.
Verify OK.
Load "\\\\Mac\\Home\\Downloads\\MDASwchanges\\MDAS\\DriveByWireIO\\DriveByWireIO.axf" 
Connecting: Mode=JTAG, Speed=1000000Hz
Erase Done.
Programming Done.
Verify OK.
</pre>
</body>
</html>
