<html>
<body>
<pre>
<h1>µVision Build Log</h1>
<h2>Project:</h2>
C:\Users\Ethan\Documents\GitHub\MDAS-Drive_by_Wire\Throttle\throttle.uvproj
Project File Date:  07/27/2018

<h2>Output:</h2>
Build target 'Target 1'
compiling main.c...
dac.h(15): warning:  #1-D: last line of file ends without a newline
  uint32_t SetDACVoltage(uint32_t setPoint);
main.c: 1 warning, 0 errors
linking...
Program Size: Code=5676 RO-data=1880 RW-data=28 ZI-data=1164  
".\throttle.axf" - 0 Error(s), 1 Warning(s).
Load "C:\\Users\\Ethan\\Documents\\GitHub\\MDAS-Drive_by_Wire\\Throttle\\throttle.axf" 
Connecting: Mode=JTAG, Speed=1000000Hz
Erase Done.
Programming Done.
Verify OK.
</pre>
</body>
</html>
