<html>
<body>
<pre>
<h1>µVision Build Log</h1>
<h2>Project:</h2>
C:\Users\Ethan\Documents\GitHub\MDAS-Drive_by_Wire\Throttle\throttle.uvproj
Project File Date:  04/04/2018

<h2>Output:</h2>
Build target 'Target 1'
compiling main.c...
main.c(60): warning:  #111-D: statement is unreachable
                                receiveNew();                           
main.c: 1 warning, 0 errors
compiling CAN_comm.c...
CAN_comm.c(85): warning:  #550-D: variable "CAN_status" was set but never used
        uint32_t int_status, CAN_status;
CAN_comm.c: 1 warning, 0 errors
linking...
Program Size: Code=5670 RO-data=1482 RW-data=24 ZI-data=1160  
".\throttle.axf" - 0 Error(s), 2 Warning(s).
</pre>
</body>
</html>
=1144  
".\throttle.axf" - 0 Error(s), 1 Warning(s).
